C51 COMPILER V9.02   TEXT1                                                                 04/10/2020 21:42:27 PAGE 1   


C51 COMPILER V9.02, COMPILATION OF MODULE TEXT1
OBJECT MODULE PLACED IN Text1.OBJ
COMPILER INVOKED BY: C:\Users\99702\Documents\keil\C51\BIN\C51.EXE Text1.c BROWSE DEBUG OBJECTEXTEND

line level    source

   1          //-----------------------------------------------------------------
   2          //      名称：74HC595串入并出芯片控制数码管显示四位数字
   3          //-----------------------------------------------------------------
   4          //      说明：4片74HC595串入并出芯片控制四位数码管循环显示指定的四组数据.
   5          //
   6          //-----------------------------------------------------------------
   7          #include <reg51.h>
   8          #include <intrins.h>
   9          #define INT8U   unsigned char
  10          #define INT16U unsigned int
  11          sbit SH_CP = P2^0;              //移位时钟脉冲
  12          sbit DS = P2^1;                 //串行数据输入
  13          sbit ST_CP = P2^2;              //输出锁存器控制脉冲
  14          code INT8U SEG_CODE[]={0xC0,0xF9,0xA4,0xB0,0x99,0x92,0x82,0xF8,0x80,0x90};
  15          INT16U myData[4] = {2938,1234,1509,3506};
  16          //-----------------------------------------------------------------
  17          // 延时函数
  18          //-----------------------------------------------------------------
  19          void delay_ms(INT16U x) 
  20          {
  21   1              INT8U t; while(x--) for(t = 0; t < 120; t++);
  22   1      }
  23          
  24          //-----------------------------------------------------------------
  25          // 1字节数据串行输入595子程序
  26          //-----------------------------------------------------------------
  27          void Serial_Input_595(INT8U d)
  28          {
  29   1          INT8U i;
  30   1          for(i=0; i<8; i++)
  31   1          {
  32   2              d <<= 1;
  33   2              DS = CY;     //高位移出到CY，并写入数据线
  34   2              SH_CP = 0; _nop_(); _nop_(); //时钟线输出低电平
  35   2              SH_CP = 1; _nop_(); _nop_(); //时钟线上升沿移位
  36   2          }
  37   1          SH_CP = 0;  //移位时钟线最后置为低电平
  38   1      }
  39          
  40          //-----------------------------------------------------------------
  41          // 595并行输出子程序
  42          //-----------------------------------------------------------------
  43          void Parallel_Output_595()
  44          {
  45   1          ST_CP = 0; _nop_(); _nop_();    //先置低电平
  46   1          ST_CP = 1; _nop_(); _nop_();    //上升沿将数据送到输出锁存器
  47   1          ST_CP = 0; _nop_(); _nop_();    //置低电平
  48   1      }
  49          
  50          //-----------------------------------------------------------------
  51          //主程序
  52          //-----------------------------------------------------------------
  53          void main()
  54          {
  55   1              INT8U i,t;
C51 COMPILER V9.02   TEXT1                                                                 04/10/2020 21:42:27 PAGE 2   

  56   1              while (1)
  57   1              {
  58   2              //循环输出四组数据
  59   2                      for( i = 0; i < 4; i++ )
  60   2                      {
  61   3                  //分解出每组数据中的0~3位，串行输出到595
  62   3                  t = SEG_CODE[myData[i] % 10];
  63   3                  Serial_Input_595(t);
  64   3                  t = SEG_CODE[myData[i] / 10 % 10] & 0x7F;   //倒数第二位附加小数点
  65   3                  Serial_Input_595(t);
  66   3                  t = SEG_CODE[myData[i] % 1000 / 100];
  67   3                  Serial_Input_595(t);
  68   3                  t = SEG_CODE[myData[i] / 1000];
  69   3                  Serial_Input_595(t);
  70   3                  //4片595同时并行输出到数码管显示
  71   3                  Parallel_Output_595();
  72   3                  delay_ms(1000);
  73   3                      }
  74   2              }
  75   1      }


MODULE INFORMATION:   STATIC OVERLAYABLE
   CODE SIZE        =    221    ----
   CONSTANT SIZE    =     10    ----
   XDATA SIZE       =   ----    ----
   PDATA SIZE       =   ----    ----
   DATA SIZE        =      8    ----
   IDATA SIZE       =   ----    ----
   BIT SIZE         =   ----    ----
END OF MODULE INFORMATION.


C51 COMPILATION COMPLETE.  0 WARNING(S),  0 ERROR(S)
