C51 COMPILER V9.02   TEXT1                                                                 01/30/2020 17:34:56 PAGE 1   


C51 COMPILER V9.02, COMPILATION OF MODULE TEXT1
OBJECT MODULE PLACED IN Text1.OBJ
COMPILER INVOKED BY: C:\Users\99702\Documents\keil\C51\BIN\C51.EXE Text1.C DEBUG OBJECTEXTEND

line level    source

   1          //-----------------------------------------------------------------
   2          //  名称: TIMER1控制音阶演奏
   3          //-----------------------------------------------------------------
   4          //  说明: 本例使用定时器中断控制演奏一段音阶,播放由K1控制. 
   5          //              
   6          //-----------------------------------------------------------------
   7          #include <reg51.h>
   8          #include <intrins.h>
   9          #define INT8U  unsigned char
  10          #define INT16U unsigned int
  11          INT8U i = 0;            //音符索引
  12          sbit SPK = P2^0;        //扬声器输出引脚
  13          sbit K1  = P3^6;        //按键输入引脚
  14          //14个音符在TIMER1模式0下的定时/计数寄存器值初值表
  15          INT8U code HI_LIST[] = 
  16          { 0,226,229,232,234,236,238,240,241,243,244,245,246,247,248 };
  17          INT8U code LO_LIST[] = 
  18          { 0,  4, 12, 9, 20,  2,  8,  6,  2, 22,  5, 26,  1,  4,  2 };
  19          //-----------------------------------------------------------------
  20          // 延时子程序
  21          //-----------------------------------------------------------------
  22          void delay_ms(INT16U ms) 
  23          {
  24   1              INT8U t; while(ms--) for(t = 0; t < 120; t++);
  25   1      }
  26          
  27          //-----------------------------------------------------------------
  28          // 主程序         
  29          //-----------------------------------------------------------------
  30          void main()
  31          {
  32   1              /* T1中断及模式配置 */
  33   1              IE = 0x88;
  34   1              TMOD = 0x00;
  35   1              while(1)
  36   1              {
  37   2                      if (!K1)
  38   2                      {
  39   3                              delay_ms(10);   //消抖
  40   3                              if (!K1)
  41   3                              {
  42   4                                      for(i = 1; i < 15; i++)          //输出14个音符
  43   4                                      {
  44   5                                              /* 播放第一个音符 */
  45   5                                              TR1 = 1; 
  46   5                                              delay_ms(500);
  47   5                                              /* 停顿50ms */
  48   5                                              TR1     = 0;
  49   5                                              delay_ms(50);
  50   5                                      }
  51   4                              }
  52   3                      }
  53   2              }
  54   1      }
  55          
C51 COMPILER V9.02   TEXT1                                                                 01/30/2020 17:34:56 PAGE 2   

  56          //-----------------------------------------------------------------
  57          // 定时器0中断例程        
  58          //-----------------------------------------------------------------
  59          void T1_INT() interrupt 3
  60          {
  61   1              SPK = !SPK;                             //音频脉冲输出
  62   1              TH1 = HI_LIST[i];               //加载第i个音符的延时初值
  63   1              TL1 = LO_LIST[i];
  64   1      }


MODULE INFORMATION:   STATIC OVERLAYABLE
   CODE SIZE        =    104    ----
   CONSTANT SIZE    =     30    ----
   XDATA SIZE       =   ----    ----
   PDATA SIZE       =   ----    ----
   DATA SIZE        =      1    ----
   IDATA SIZE       =   ----    ----
   BIT SIZE         =   ----    ----
END OF MODULE INFORMATION.


C51 COMPILATION COMPLETE.  0 WARNING(S),  0 ERROR(S)
