C51 COMPILER V9.02   TEXT1                                                                 05/04/2020 20:46:46 PAGE 1   


C51 COMPILER V9.02, COMPILATION OF MODULE TEXT1
OBJECT MODULE PLACED IN Text1.OBJ
COMPILER INVOKED BY: C:\Users\99702\Documents\keil\C51\BIN\C51.EXE Text1.c BROWSE DEBUG OBJECTEXTEND

line level    source

   1          //-----------------------------------------------------------------
   2          //  名称: 串行共阴显示驱动器MAX7219/7221控制集成式数码管显示
   3          //-----------------------------------------------------------------
   4          //  说明: 本例用MAX7219(MAX7221)控制两组8位数码管动态显示,大大减少了
   5          //                对单片机引脚和机器时间的占用.
   6          //
   7          //-----------------------------------------------------------------
   8          #include <reg51.h>
   9          #include <intrins.h>
  10          #define INT8U  unsigned char
  11          #define INT16U unsigned int
  12          sbit DIN = P2^0;                //数据线
  13          sbit CLK = P2^2;                //时钟线
  14          sbit CS7221 = P2^1;             //片选线
  15          sbit CS7219 = P2^3;
  16          //在非解码模式下MAX7219/7221对应的段码表,此表不同于直接驱动时所使用的段码表
  17          //原来的各段顺序是：            DP,G,F,E,D,C,B,A
  18          //MAX7219/7221的驱动顺序是：DP,A,B,C,D,E,F,G
  19          //除小数点位未改变外，其他位是逆向排列的.
  20          //下在前两行为0~F的段码,最后4位为"-(16)/°(17)/C(18)/黑屏(19)"的段码
  21          code INT8U SEGCODE_72XX[] = 
  22          { 0x7E,0x30,0x6D,0x79,0x33,0x5B,0x5F,0x70,      //0~7
  23            0x7F,0x7B,0x77,0x1F,0x4E,0x3D,0x4F,0x47,      //8~F
  24            0x01,0x63,0x4E,0x00                                           //16~19[ - °C 黑屏]
  25          };
  26          //7219待显示的内容为温度值:-32.75℃("-"前面的最高位黑屏)
  27          //由于本例7219工作于非解码模式,在串行发送时,需要以下表为索引,
  28          //发送SEGCODE_72XX中的对应段码
  29          code INT8U Disp_Buffer0[] = {19,16,3,2,7,5,17,18};
  30          //7221待显示的数字串"20150925"(由于本例7221工作于解码模式,故各数位直接发送)
  31          code INT8U Disp_Buffer1[] = {2,0,1,5,0,9,2,5};
  32          //-----------------------------------------------------------------
  33          // 延时函数
  34          //-----------------------------------------------------------------
  35          void delay_ms(INT16U x) 
  36          {
  37   1              INT8U t; while(x--) for(t = 0; t < 120; t++);
  38   1      }
  39          
  40          //-----------------------------------------------------------------
  41          // 向MAX7219/7221指定地址(寄存器)写入1字节数据
  42          //-----------------------------------------------------------------
  43          void Write(INT8U addr,INT8U dat,INT8U Chip_No)
  44          {
  45   1              INT8U i;
  46   1              /*片选MAX7219或MAX7221*/
  47   1              if (Chip_No == 1)
  48   1                      CS7221 = 0;
  49   1              else
  50   1                      CS7219 = 0;
  51   1              /* 串行写入8位地址addr */
  52   1              for(i=0; i<8; i++)
  53   1              {
  54   2                      CLK = 0;
  55   2                      addr <<= 1;
C51 COMPILER V9.02   TEXT1                                                                 05/04/2020 20:46:46 PAGE 2   

  56   2                      DIN = CY;
  57   2                      CLK = 1;
  58   2                      _nop_(); _nop_();
  59   2              }
  60   1              /* 串行写入8位数据dat */
  61   1              for(i=0; i<8; i++)
  62   1              {
  63   2                      CLK = 0;
  64   2                      dat <<= 1;
  65   2                      DIN = CY;
  66   2                      CLK = 1;
  67   2                      _nop_(); _nop_();
  68   2              }
  69   1              /*禁止片选*/
  70   1              if (Chip_No == 1)
  71   1                      CS7221 = 1;
  72   1              else
  73   1                      CS7219 = 1;
  74   1      }
  75          
  76          //-----------------------------------------------------------------
  77          // MAX7221/7219初始化
  78          //-----------------------------------------------------------------
  79          void Init_MAX72XX(INT8U i)
  80          {
  81   1              /* 解码模式地址0x09(0x00为不解码,0xFF为全解码) */
  82   1              if (i == 0)
  83   1                      Write(0x09, 0x00, i);
  84   1              else
  85   1                      Write(0x09, 0xFF, i);
  86   1              Write(0x0A, 0x07, i);    //亮度地址0x0A(0x00~0x0F, 渐亮)
  87   1              Write(0x0B, 0x07, i);    //扫描数码管个数地址0x0B()
  88   1              Write(0x0C, 0x01, i);    //工作模式地址0x0C(0x00:关闭， 0x01:正常)
  89   1      }
  90          
  91          //-----------------------------------------------------------------
  92          // 主程序
  93          //-----------------------------------------------------------------
  94          void main()
  95          {
  96   1              INT8U i;
  97   1              Init_MAX72XX(0);        delay_ms(5);    //MAX7219初始化
  98   1              Init_MAX72XX(1);        delay_ms(5);    //MAX7221初始化
  99   1              //MAX7219控制显示 Disp_Buffer0数组，全部非解码显示
 100   1              //以 Disp_Buffer0[i]为索引发送段码
 101   1              for(i=0; i<8; i++)
 102   1              {
 103   2                      if (i == 3)
 104   2                              Write(i+1, SEGCODE_72XX[Disp_Buffer0[i]] | 0x80, 0);
 105   2                      else
 106   2                              Write(i+1, SEGCODE_72XX[Disp_Buffer0[i]], 0);
 107   2              }
 108   1              delay_ms(100);
 109   1              //7221控制显示  Disp_Buffer1数组，全部解码显示
 110   1              //直接发送 Disp_Buffer1[i]
 111   1              for(i=0; i<8; i++)
 112   1                      Write(i+1, Disp_Buffer1[i], 1);
 113   1              while(1);
 114   1      }


MODULE INFORMATION:   STATIC OVERLAYABLE
C51 COMPILER V9.02   TEXT1                                                                 05/04/2020 20:46:46 PAGE 3   

   CODE SIZE        =    204    ----
   CONSTANT SIZE    =     36    ----
   XDATA SIZE       =   ----    ----
   PDATA SIZE       =   ----    ----
   DATA SIZE        =   ----    ----
   IDATA SIZE       =   ----    ----
   BIT SIZE         =   ----    ----
END OF MODULE INFORMATION.


C51 COMPILATION COMPLETE.  0 WARNING(S),  0 ERROR(S)
